// Jest Snapshot v1, https://goo.gl/fbAQLP

exports[`Checkbox renders the given label 1`] = `
<div>
  <div
    class="np-checkbox checkbox"
  >
    <label
      class=""
    >
      <span
        class="np-checkbox-button p-r-2"
      >
        <input
          type="checkbox"
        />
        <span
          class="tw-checkbox-button"
        >
          <span
            class="tw-checkbox-check"
          />
        </span>
      </span>
      <span
        class="np-checkbox__text"
      >
        <b>
          hello
        </b>
      </span>
    </label>
  </div>
</div>
`;
