// Jest Snapshot v1, https://goo.gl/fbAQLP

exports[`FlowHeader renders as expected 1`] = `
<div>
  <div
    class="np-flow-header d-flex flex-wrap className"
  >
    <div
      class="align-items-center np-flow-header__left d-flex"
    >
      leftContent
    </div>
    <div
      class="align-items-center d-flex np-flow-header__right justify-content-end order-2"
    >
      rightContent
    </div>
    <div
      class="align-items-center d-flex justify-content-center order-1 flex-grow-1"
    >
      bottomContent
    </div>
  </div>
</div>
`;

exports[`FlowHeader renders as expected with vertical layout 1`] = `
<div>
  <div
    class="np-flow-header d-flex flex-wrap className"
  >
    <div
      class="align-items-center np-flow-header__left d-flex flex__item--8"
    >
      leftContent
    </div>
    <div
      class="align-items-center d-flex np-flow-header__right justify-content-end flex__item--4 "
    >
      rightContent
    </div>
    <div
      class="align-items-center d-flex justify-content-center flex__item--12"
    >
      bottomContent
    </div>
  </div>
</div>
`;
