// Jest Snapshot v1, https://goo.gl/fbAQLP

exports[`Accordion defaults renders an empty list when no items are passed 1`] = `<div />`;
