// Jest Snapshot v1, https://goo.gl/fbAQLP

exports[`ActionButton by default renders the button 1`] = `
<div>
  <button
    class="np-action-btn"
    type="button"
  >
    Personal profile
  </button>
</div>
`;
